	acc_data	ais328dq_driver.h (E:\workspace\S32K\Git\GIT_D532_20E_MC\s32k\D532_MC_20_E_APP\APP\Task_GyroAcc)
	ACLoad_result	amp_control.c (E:\workspace\S32K\Git\GIT_D532_20E_MC\s32k\D532_MC_20_E_APP\APP\Task_DigitalAMP\amp_control)
	adc0_pal_cfg_ChansArray	adc0_pal_cfg.h (E:\workspace\S32K\Git\GIT_D532_20E_MC\s32k\D532_MC_20_E_APP\Generated_Code)
	adc0_pal_cfg_Extension0	adc0_pal_cfg.h (E:\workspace\S32K\Git\GIT_D532_20E_MC\s32k\D532_MC_20_E_APP\Generated_Code)
	adc0_pal_cfg_GroupArray0	adc0_pal_cfg.h (E:\workspace\S32K\Git\GIT_D532_20E_MC\s32k\D532_MC_20_E_APP\Generated_Code)
	adc0_pal_cfg_Results	adc0_pal_cfg.h (E:\workspace\S32K\Git\GIT_D532_20E_MC\s32k\D532_MC_20_E_APP\Generated_Code)
	adc0_pal_InitConfig	adc0_pal_cfg.h (E:\workspace\S32K\Git\GIT_D532_20E_MC\s32k\D532_MC_20_E_APP\Generated_Code)
	adc1_pal_cfg_ChansArray	adc1_pal_cfg.h (E:\workspace\S32K\Git\GIT_D532_20E_MC\s32k\D532_MC_20_E_APP\Generated_Code)
	adc1_pal_cfg_Extension0	adc1_pal_cfg.h (E:\workspace\S32K\Git\GIT_D532_20E_MC\s32k\D532_MC_20_E_APP\Generated_Code)
	adc1_pal_cfg_GroupArray0	adc1_pal_cfg.h (E:\workspace\S32K\Git\GIT_D532_20E_MC\s32k\D532_MC_20_E_APP\Generated_Code)
	adc1_pal_cfg_Results	adc1_pal_cfg.h (E:\workspace\S32K\Git\GIT_D532_20E_MC\s32k\D532_MC_20_E_APP\Generated_Code)
	adc1_pal_InitConfig	adc1_pal_cfg.h (E:\workspace\S32K\Git\GIT_D532_20E_MC\s32k\D532_MC_20_E_APP\Generated_Code)
	amp_i2c	amp_i2c.h (E:\workspace\S32K\Git\GIT_D532_20E_MC\s32k\D532_MC_20_E_APP\APP\Task_DigitalAMP\i2c)
	amp_type	amp_control_api.h (E:\workspace\S32K\Git\GIT_D532_20E_MC\s32k\D532_MC_20_E_APP\APP\Task_DigitalAMP\amp_control)
	array1	ame_cbk.c (E:\workspace\S32K\Git\GIT_D532_20E_MC\s32k\D532_MC_20_E_APP\SDK\middleware\diag\ame)
	array2	ame_cbk.c (E:\workspace\S32K\Git\GIT_D532_20E_MC\s32k\D532_MC_20_E_APP\SDK\middleware\diag\ame)
	array3	ame_cbk.c (E:\workspace\S32K\Git\GIT_D532_20E_MC\s32k\D532_MC_20_E_APP\SDK\middleware\diag\ame)
	audio_car_model	audio_control.h (E:\workspace\S32K\Git\GIT_D532_20E_MC\s32k\D532_MC_20_E_APP\APP\Task_Audio\audio_control)
	audio_debug_flag	audio_control.h (E:\workspace\S32K\Git\GIT_D532_20E_MC\s32k\D532_MC_20_E_APP\APP\Task_Audio\audio_control)
	can0_cfg_State	can0_cfg.h (E:\workspace\S32K\Git\GIT_D532_20E_MC\s32k\D532_MC_20_E_APP\Generated_Code)
	can0_InitConfig	can0_cfg.h (E:\workspace\S32K\Git\GIT_D532_20E_MC\s32k\D532_MC_20_E_APP\Generated_Code)
	can1_cfg_State	can1_cfg.h (E:\workspace\S32K\Git\GIT_D532_20E_MC\s32k\D532_MC_20_E_APP\Generated_Code)
	can1_InitConfig	can1_cfg.h (E:\workspace\S32K\Git\GIT_D532_20E_MC\s32k\D532_MC_20_E_APP\Generated_Code)
	CanApp_RecvHandle	CanApp_Cbk.h (E:\workspace\S32K\Git\GIT_D532_20E_MC\s32k\D532_MC_20_E_APP\APP\Task_Com)
	CanApp_Tx_Count	CanApp.c (E:\workspace\S32K\Git\GIT_D532_20E_MC\s32k\D532_MC_20_E_APP\APP\Task_Com)
	CanApp_Tx_Count	sid0x99_cbk.c (E:\workspace\S32K\Git\GIT_D532_20E_MC\s32k\D532_MC_20_E_APP\SDK\middleware\diag\uds\platform\sid0x99)
	CanApp_Tx_Matrix	CanApp_Cbk.h (E:\workspace\S32K\Git\GIT_D532_20E_MC\s32k\D532_MC_20_E_APP\APP\Task_Com)
	CanApp_Tx_Matrix	Com.c (E:\workspace\S32K\Git\GIT_D532_20E_MC\s32k\D532_MC_20_E_APP\SDK\middleware\CAN\Com)
	CanApp_Tx_NeedCount	CanApp.c (E:\workspace\S32K\Git\GIT_D532_20E_MC\s32k\D532_MC_20_E_APP\APP\Task_Com)
	CanIfNumOfRxPdu	CanIf.c (E:\workspace\S32K\Git\GIT_D532_20E_MC\s32k\D532_MC_20_E_APP\SDK\middleware\CAN\CanIf)
	CanIfNumOfTxPdu	CanIf.c (E:\workspace\S32K\Git\GIT_D532_20E_MC\s32k\D532_MC_20_E_APP\SDK\middleware\CAN\CanIf)
	CanIfUserRxIndications	CanIf.c (E:\workspace\S32K\Git\GIT_D532_20E_MC\s32k\D532_MC_20_E_APP\SDK\middleware\CAN\CanIf)
	CanIfUserTxConfirmations	CanIf.c (E:\workspace\S32K\Git\GIT_D532_20E_MC\s32k\D532_MC_20_E_APP\SDK\middleware\CAN\CanIf)
	CanIf_BusOffCbk	CanIf.c (E:\workspace\S32K\Git\GIT_D532_20E_MC\s32k\D532_MC_20_E_APP\SDK\middleware\CAN\CanIf)
	CanIf_RecvMsgBuff	CanIf.c (E:\workspace\S32K\Git\GIT_D532_20E_MC\s32k\D532_MC_20_E_APP\SDK\middleware\CAN\CanIf)
	CanIf_RxFilterNum	CanIf.c (E:\workspace\S32K\Git\GIT_D532_20E_MC\s32k\D532_MC_20_E_APP\SDK\middleware\CAN\CanIf)
	CanIf_RxIdFilter	CanIf.c (E:\workspace\S32K\Git\GIT_D532_20E_MC\s32k\D532_MC_20_E_APP\SDK\middleware\CAN\CanIf)
	CanIf_RxPduCfg	CanIf.c (E:\workspace\S32K\Git\GIT_D532_20E_MC\s32k\D532_MC_20_E_APP\SDK\middleware\CAN\CanIf)
	CanIf_RxPduCfg_0	Task_General.c (E:\workspace\S32K\Git\GIT_D532_20E_MC\s32k\D532_MC_20_E_APP\APP\Task_General)
	CanIf_RxPduCfg_0	sid0x99_cbk.c (E:\workspace\S32K\Git\GIT_D532_20E_MC\s32k\D532_MC_20_E_APP\SDK\middleware\diag\uds\platform\sid0x99)
	CanIf_TxPduCfg	CanIf.c (E:\workspace\S32K\Git\GIT_D532_20E_MC\s32k\D532_MC_20_E_APP\SDK\middleware\CAN\CanIf)
	CanTxStartIndex	CanIf.c (E:\workspace\S32K\Git\GIT_D532_20E_MC\s32k\D532_MC_20_E_APP\SDK\middleware\CAN\CanIf)
	Can_cfg_State	CanIf.c (E:\workspace\S32K\Git\GIT_D532_20E_MC\s32k\D532_MC_20_E_APP\SDK\middleware\CAN\CanIf)
	Can_InitConfig	CanIf.c (E:\workspace\S32K\Git\GIT_D532_20E_MC\s32k\D532_MC_20_E_APP\SDK\middleware\CAN\CanIf)
	clockManager_cfg_InitConfig0	clockManager_cfg.h (E:\workspace\S32K\Git\GIT_D532_20E_MC\s32k\D532_MC_20_E_APP\Generated_Code)
	clockManager_cfg_InitConfig1	clockManager_cfg.h (E:\workspace\S32K\Git\GIT_D532_20E_MC\s32k\D532_MC_20_E_APP\Generated_Code)
	clockNameMappings	pcc_hw_access.h (E:\workspace\S32K\Git\GIT_D532_20E_MC\s32k\D532_MC_20_E_APP\SDK\platform\drivers\src\clock\S32K1xx)
	Com_IpduBufChangeQueueCh	CanApp_PduChanged.c (E:\workspace\S32K\Git\GIT_D532_20E_MC\s32k\D532_MC_20_E_APP\APP\Task_Com)
	Com_IpduBufPtr	CanApp.c (E:\workspace\S32K\Git\GIT_D532_20E_MC\s32k\D532_MC_20_E_APP\APP\Task_Com)
	Com_IpduBufPtr	Task_General.c (E:\workspace\S32K\Git\GIT_D532_20E_MC\s32k\D532_MC_20_E_APP\APP\Task_General)
	Com_IpduBufPtr	Can_Nm.c (E:\workspace\S32K\Git\GIT_D532_20E_MC\s32k\D532_MC_20_E_APP\SDK\middleware\CAN\CanNm)
	Com_IpduBufPtr	Com.c (E:\workspace\S32K\Git\GIT_D532_20E_MC\s32k\D532_MC_20_E_APP\SDK\middleware\CAN\Com)
	Com_IpduBufPtr	sid0x99_cbk.c (E:\workspace\S32K\Git\GIT_D532_20E_MC\s32k\D532_MC_20_E_APP\SDK\middleware\diag\uds\platform\sid0x99)
	Com_IpduBufPtr	CanKey.c (E:\workspace\S32K\Git\GIT_D532_20E_MC\s32k\D532_MC_20_E_APP\SDK\middleware\Keyboard)
	Com_IpduBuf_0X358	CanApp.c (E:\workspace\S32K\Git\GIT_D532_20E_MC\s32k\D532_MC_20_E_APP\APP\Task_Com)
	Com_IpduErrorCbk	Com.c (E:\workspace\S32K\Git\GIT_D532_20E_MC\s32k\D532_MC_20_E_APP\SDK\middleware\CAN\Com)
	Com_IpduGroupPtr	Com.c (E:\workspace\S32K\Git\GIT_D532_20E_MC\s32k\D532_MC_20_E_APP\SDK\middleware\CAN\Com)
	Com_IpduId2SigId	Com.c (E:\workspace\S32K\Git\GIT_D532_20E_MC\s32k\D532_MC_20_E_APP\SDK\middleware\CAN\Com)
	Com_IpduInformCbk	Com.c (E:\workspace\S32K\Git\GIT_D532_20E_MC\s32k\D532_MC_20_E_APP\SDK\middleware\CAN\Com)
	Com_IpduMaxNum	Com.c (E:\workspace\S32K\Git\GIT_D532_20E_MC\s32k\D532_MC_20_E_APP\SDK\middleware\CAN\Com)
	Com_RxBufChange	CanApp_PduChanged.c (E:\workspace\S32K\Git\GIT_D532_20E_MC\s32k\D532_MC_20_E_APP\APP\Task_Com)
	Com_RxIpduConfInfo	Com.c (E:\workspace\S32K\Git\GIT_D532_20E_MC\s32k\D532_MC_20_E_APP\SDK\middleware\CAN\Com)
	Com_RxIpduMaxNum	Com.c (E:\workspace\S32K\Git\GIT_D532_20E_MC\s32k\D532_MC_20_E_APP\SDK\middleware\CAN\Com)
	Com_RxIpduQueueMgrPtr	Com.c (E:\workspace\S32K\Git\GIT_D532_20E_MC\s32k\D532_MC_20_E_APP\SDK\middleware\CAN\Com)
	Com_RxIpduQueuePtr	Com.c (E:\workspace\S32K\Git\GIT_D532_20E_MC\s32k\D532_MC_20_E_APP\SDK\middleware\CAN\Com)
	Com_RxIpdu_TickBuf	Com.c (E:\workspace\S32K\Git\GIT_D532_20E_MC\s32k\D532_MC_20_E_APP\SDK\middleware\CAN\Com)
	Com_RxTempQueue	Com.c (E:\workspace\S32K\Git\GIT_D532_20E_MC\s32k\D532_MC_20_E_APP\SDK\middleware\CAN\Com)
	Com_RxTempQueueMgr	Com.c (E:\workspace\S32K\Git\GIT_D532_20E_MC\s32k\D532_MC_20_E_APP\SDK\middleware\CAN\Com)
	Com_RxTempQueueSize	Com.c (E:\workspace\S32K\Git\GIT_D532_20E_MC\s32k\D532_MC_20_E_APP\SDK\middleware\CAN\Com)
	Com_RxTemp_TickBuf	Com.c (E:\workspace\S32K\Git\GIT_D532_20E_MC\s32k\D532_MC_20_E_APP\SDK\middleware\CAN\Com)
	Com_SigConfInfo	Com.c (E:\workspace\S32K\Git\GIT_D532_20E_MC\s32k\D532_MC_20_E_APP\SDK\middleware\CAN\Com)
	Com_SigId2IpduId	CanApp.c (E:\workspace\S32K\Git\GIT_D532_20E_MC\s32k\D532_MC_20_E_APP\APP\Task_Com)
	Com_SigId2IpduId	Com.c (E:\workspace\S32K\Git\GIT_D532_20E_MC\s32k\D532_MC_20_E_APP\SDK\middleware\CAN\Com)
	Com_Sig_Value	Com_If.c (E:\workspace\S32K\Git\GIT_D532_20E_MC\s32k\D532_MC_20_E_APP\SDK\middleware\CAN\Com)
	Com_TxIpduConfInfo	Can_Nm.c (E:\workspace\S32K\Git\GIT_D532_20E_MC\s32k\D532_MC_20_E_APP\SDK\middleware\CAN\CanNm)
	Com_TxIpduConfInfo	Com.c (E:\workspace\S32K\Git\GIT_D532_20E_MC\s32k\D532_MC_20_E_APP\SDK\middleware\CAN\Com)
	Com_TxIpduMaxNum	Com.c (E:\workspace\S32K\Git\GIT_D532_20E_MC\s32k\D532_MC_20_E_APP\SDK\middleware\CAN\Com)
	Com_TxIpduStartIndex	Com.c (E:\workspace\S32K\Git\GIT_D532_20E_MC\s32k\D532_MC_20_E_APP\SDK\middleware\CAN\Com)
	cpu_rate_x	sid0x99_cbk.c (E:\workspace\S32K\Git\GIT_D532_20E_MC\s32k\D532_MC_20_E_APP\SDK\middleware\diag\uds\platform\sid0x99)
	DCLoad_result	amp_control.c (E:\workspace\S32K\Git\GIT_D532_20E_MC\s32k\D532_MC_20_E_APP\APP\Task_DigitalAMP\amp_control)
	dmaController1Chn0_Config	dmaController_cfg.h (E:\workspace\S32K\Git\GIT_D532_20E_MC\s32k\D532_MC_20_E_APP\Generated_Code)
	dmaController1Chn0_State	dmaController_cfg.h (E:\workspace\S32K\Git\GIT_D532_20E_MC\s32k\D532_MC_20_E_APP\Generated_Code)
	dmaController1Chn1_Config	dmaController_cfg.h (E:\workspace\S32K\Git\GIT_D532_20E_MC\s32k\D532_MC_20_E_APP\Generated_Code)
	dmaController1Chn1_State	dmaController_cfg.h (E:\workspace\S32K\Git\GIT_D532_20E_MC\s32k\D532_MC_20_E_APP\Generated_Code)
	dmaController_cfgChn2_Config	dmaController_cfg.h (E:\workspace\S32K\Git\GIT_D532_20E_MC\s32k\D532_MC_20_E_APP\Generated_Code)
	dmaController_cfgChn2_State	dmaController_cfg.h (E:\workspace\S32K\Git\GIT_D532_20E_MC\s32k\D532_MC_20_E_APP\Generated_Code)
	dmaController_cfgChn3_Config	dmaController_cfg.h (E:\workspace\S32K\Git\GIT_D532_20E_MC\s32k\D532_MC_20_E_APP\Generated_Code)
	dmaController_cfgChn3_State	dmaController_cfg.h (E:\workspace\S32K\Git\GIT_D532_20E_MC\s32k\D532_MC_20_E_APP\Generated_Code)
	dmaController_cfg_InitConfig0	dmaController_cfg.h (E:\workspace\S32K\Git\GIT_D532_20E_MC\s32k\D532_MC_20_E_APP\Generated_Code)
	dmaController_State	dmaController_cfg.h (E:\workspace\S32K\Git\GIT_D532_20E_MC\s32k\D532_MC_20_E_APP\Generated_Code)
	EaMarkerAddStart	main.c (E:\workspace\S32K\Git\GIT_D532_20E_MC\s32k\D532_MC_20_E_APP\APP)
	EA_CrcLength	Ea.h (E:\workspace\S32K\Git\GIT_D532_20E_MC\s32k\D532_MC_20_E_APP\SDK\middleware\NVRAM\Ea)
	EA_VERSION	main.c (E:\workspace\S32K\Git\GIT_D532_20E_MC\s32k\D532_MC_20_E_APP\APP)
	edmaChnConfigArray	dmaController_cfg.h (E:\workspace\S32K\Git\GIT_D532_20E_MC\s32k\D532_MC_20_E_APP\Generated_Code)
	edmaChnStateArray	dmaController_cfg.h (E:\workspace\S32K\Git\GIT_D532_20E_MC\s32k\D532_MC_20_E_APP\Generated_Code)
	FanBack_Pwm2_Cap_InitConfig	FanBack_Pwm2_Cap.h (E:\workspace\S32K\Git\GIT_D532_20E_MC\s32k\D532_MC_20_E_APP\Generated_Code)
	FanBack_Pwm2_Cap_InputCaptureChannelConfig	FanBack_Pwm2_Cap.h (E:\workspace\S32K\Git\GIT_D532_20E_MC\s32k\D532_MC_20_E_APP\Generated_Code)
	FanBack_Pwm2_Cap_InputCaptureConfig	FanBack_Pwm2_Cap.h (E:\workspace\S32K\Git\GIT_D532_20E_MC\s32k\D532_MC_20_E_APP\Generated_Code)
	faultDetection	ftm_common.h (E:\workspace\S32K\Git\GIT_D532_20E_MC\s32k\D532_MC_20_E_APP\SDK\platform\drivers\inc)
	flash_cfg_InitConfig0	flash_cfg.h (E:\workspace\S32K\Git\GIT_D532_20E_MC\s32k\D532_MC_20_E_APP\Generated_Code)
	flexTimer_mc1_InitConfig	flexTimer_mc1.h (E:\workspace\S32K\Git\GIT_D532_20E_MC\s32k\D532_MC_20_E_APP\Generated_Code)
	flexTimer_mc1_TimerConfig	flexTimer_mc1.h (E:\workspace\S32K\Git\GIT_D532_20E_MC\s32k\D532_MC_20_E_APP\Generated_Code)
	flexTimer_oc1_InitConfig	flexTimer_oc1.h (E:\workspace\S32K\Git\GIT_D532_20E_MC\s32k\D532_MC_20_E_APP\Generated_Code)
	flexTimer_oc1_OutputCompareConfig	flexTimer_oc1.h (E:\workspace\S32K\Git\GIT_D532_20E_MC\s32k\D532_MC_20_E_APP\Generated_Code)
	flexTimer_pwm1_cfg_FaultConfig	flexTimer_pwm1_cfg.h (E:\workspace\S32K\Git\GIT_D532_20E_MC\s32k\D532_MC_20_E_APP\Generated_Code)
	flexTimer_pwm1_cfg_IndependentChannelsConfig	flexTimer_pwm1_cfg.h (E:\workspace\S32K\Git\GIT_D532_20E_MC\s32k\D532_MC_20_E_APP\Generated_Code)
	flexTimer_pwm1_cfg_InitConfig	flexTimer_pwm1_cfg.h (E:\workspace\S32K\Git\GIT_D532_20E_MC\s32k\D532_MC_20_E_APP\Generated_Code)
	flexTimer_pwm1_cfg_PwmConfig	flexTimer_pwm1_cfg.h (E:\workspace\S32K\Git\GIT_D532_20E_MC\s32k\D532_MC_20_E_APP\Generated_Code)
	flexTimer_pwm3_cfg_FaultConfig	flexTimer_pwm3_cfg.h (E:\workspace\S32K\Git\GIT_D532_20E_MC\s32k\D532_MC_20_E_APP\Generated_Code)
	flexTimer_pwm3_cfg_IndependentChannelsConfig	flexTimer_pwm3_cfg.h (E:\workspace\S32K\Git\GIT_D532_20E_MC\s32k\D532_MC_20_E_APP\Generated_Code)
	flexTimer_pwm3_cfg_InitConfig	flexTimer_pwm3_cfg.h (E:\workspace\S32K\Git\GIT_D532_20E_MC\s32k\D532_MC_20_E_APP\Generated_Code)
	flexTimer_pwm3_cfg_PwmConfig	flexTimer_pwm3_cfg.h (E:\workspace\S32K\Git\GIT_D532_20E_MC\s32k\D532_MC_20_E_APP\Generated_Code)
	flexTimer_pwm4_cfg_FaultConfig	flexTimer_pwm4_cfg.h (E:\workspace\S32K\Git\GIT_D532_20E_MC\s32k\D532_MC_20_E_APP\Generated_Code)
	flexTimer_pwm4_cfg_IndependentChannelsConfig	flexTimer_pwm4_cfg.h (E:\workspace\S32K\Git\GIT_D532_20E_MC\s32k\D532_MC_20_E_APP\Generated_Code)
	flexTimer_pwm4_cfg_InitConfig	flexTimer_pwm4_cfg.h (E:\workspace\S32K\Git\GIT_D532_20E_MC\s32k\D532_MC_20_E_APP\Generated_Code)
	flexTimer_pwm4_cfg_PwmConfig	flexTimer_pwm4_cfg.h (E:\workspace\S32K\Git\GIT_D532_20E_MC\s32k\D532_MC_20_E_APP\Generated_Code)
	flexTimer_pwm5_cfg_FaultConfig	flexTimer_pwm5_cfg.h (E:\workspace\S32K\Git\GIT_D532_20E_MC\s32k\D532_MC_20_E_APP\Generated_Code)
	flexTimer_pwm5_cfg_IndependentChannelsConfig	flexTimer_pwm5_cfg.h (E:\workspace\S32K\Git\GIT_D532_20E_MC\s32k\D532_MC_20_E_APP\Generated_Code)
	flexTimer_pwm5_cfg_InitConfig	flexTimer_pwm5_cfg.h (E:\workspace\S32K\Git\GIT_D532_20E_MC\s32k\D532_MC_20_E_APP\Generated_Code)
	flexTimer_pwm5_cfg_PwmConfig	flexTimer_pwm5_cfg.h (E:\workspace\S32K\Git\GIT_D532_20E_MC\s32k\D532_MC_20_E_APP\Generated_Code)
	ftmStatePtr	ftm_common.h (E:\workspace\S32K\Git\GIT_D532_20E_MC\s32k\D532_MC_20_E_APP\SDK\platform\drivers\inc)
	g0x22DidInforArray	sid0x22_cbk.c (E:\workspace\S32K\Git\GIT_D532_20E_MC\s32k\D532_MC_20_E_APP\SDK\middleware\diag\uds\platform\sid0x22)
	g0x22DidTotalNum	sid0x22_cbk.c (E:\workspace\S32K\Git\GIT_D532_20E_MC\s32k\D532_MC_20_E_APP\SDK\middleware\diag\uds\platform\sid0x22)
	gAdcInstanceChMap	adc_wrapper.c (E:\workspace\S32K\Git\GIT_D532_20E_MC\s32k\D532_MC_20_E_APP\SDK\middleware\adc_wrapper)
	gAdcUsedChNum	adc_wrapper.c (E:\workspace\S32K\Git\GIT_D532_20E_MC\s32k\D532_MC_20_E_APP\SDK\middleware\adc_wrapper)
	gAmeSubServiceFnCbk	ame.c (E:\workspace\S32K\Git\GIT_D532_20E_MC\s32k\D532_MC_20_E_APP\SDK\middleware\diag\ame)
	gAmeSubServiceFnCbkTotalNum	ame.c (E:\workspace\S32K\Git\GIT_D532_20E_MC\s32k\D532_MC_20_E_APP\SDK\middleware\diag\ame)
	gArray1len	ame_cbk.c (E:\workspace\S32K\Git\GIT_D532_20E_MC\s32k\D532_MC_20_E_APP\SDK\middleware\diag\ame)
	gArray2len	ame_cbk.c (E:\workspace\S32K\Git\GIT_D532_20E_MC\s32k\D532_MC_20_E_APP\SDK\middleware\diag\ame)
	gArray3len	ame_cbk.c (E:\workspace\S32K\Git\GIT_D532_20E_MC\s32k\D532_MC_20_E_APP\SDK\middleware\diag\ame)
	gAvmCanFaultBitFlagArray	dtcApp_cbk.c (E:\workspace\S32K\Git\GIT_D532_20E_MC\s32k\D532_MC_20_E_APP\SDK\middleware\diag\uds\platform\dtcApp)
	gAvmCanFaultBitFlagArray	sid0x22_cbk.c (E:\workspace\S32K\Git\GIT_D532_20E_MC\s32k\D532_MC_20_E_APP\SDK\middleware\diag\uds\platform\sid0x22)
	gAvmCanFaultBitFlagArray	NvM_Cfg.c (E:\workspace\S32K\Git\GIT_D532_20E_MC\s32k\D532_MC_20_E_APP\SDK\middleware\NVRAM\NvM)
	gAvmCanFaultRealtimeFlag	dtcApp_cbk.c (E:\workspace\S32K\Git\GIT_D532_20E_MC\s32k\D532_MC_20_E_APP\SDK\middleware\diag\uds\platform\dtcApp)
	gAvmKeyStatus	sid0x22_cbk.c (E:\workspace\S32K\Git\GIT_D532_20E_MC\s32k\D532_MC_20_E_APP\SDK\middleware\diag\uds\platform\sid0x22)
	gAVM_CalibrationFinish	diagAppIpc_cbk.c (E:\workspace\S32K\Git\GIT_D532_20E_MC\s32k\D532_MC_20_E_APP\SDK\middleware\diag\diagApp)
	gAVM_CalibrationInProgress	diagAppIpc_cbk.c (E:\workspace\S32K\Git\GIT_D532_20E_MC\s32k\D532_MC_20_E_APP\SDK\middleware\diag\diagApp)
	gAVM_CalibrationState	diagAppIpc_cbk.c (E:\workspace\S32K\Git\GIT_D532_20E_MC\s32k\D532_MC_20_E_APP\SDK\middleware\diag\diagApp)
	gAVM_CalibrationState	sid0x22_cbk.c (E:\workspace\S32K\Git\GIT_D532_20E_MC\s32k\D532_MC_20_E_APP\SDK\middleware\diag\uds\platform\sid0x22)
	gBootloaderSWVersionHex	sid0x22_cbk.c (E:\workspace\S32K\Git\GIT_D532_20E_MC\s32k\D532_MC_20_E_APP\SDK\middleware\diag\uds\platform\sid0x22)
	gCalCpuPayloadSwitch	Task_DiagApp.c (E:\workspace\S32K\Git\GIT_D532_20E_MC\s32k\D532_MC_20_E_APP\APP\Task_DiagApp)
	gCalCpuPayloadSwitch	sid0x99_cbk.c (E:\workspace\S32K\Git\GIT_D532_20E_MC\s32k\D532_MC_20_E_APP\SDK\middleware\diag\uds\platform\sid0x99)
	gCanMsgRxSTRGTimeoutFlag	dtcApp_cbk.c (E:\workspace\S32K\Git\GIT_D532_20E_MC\s32k\D532_MC_20_E_APP\SDK\middleware\diag\uds\platform\dtcApp)
	gCanSwKeyVal	Com_Cbk.c (E:\workspace\S32K\Git\GIT_D532_20E_MC\s32k\D532_MC_20_E_APP\SDK\middleware\CAN\Com)
	gCanSwKeyVal	CanKey.h (E:\workspace\S32K\Git\GIT_D532_20E_MC\s32k\D532_MC_20_E_APP\SDK\middleware\Keyboard)
	gCircuitVersion	PowerSupply.c (E:\workspace\S32K\Git\GIT_D532_20E_MC\s32k\D532_MC_20_E_APP\SDK\middleware\Power\PowerSupply)
	gCom_SimRxFlag	CanApp_PduChanged.c (E:\workspace\S32K\Git\GIT_D532_20E_MC\s32k\D532_MC_20_E_APP\APP\Task_Com)
	gCrashRegisterRecord	sid0x99_cbk.c (E:\workspace\S32K\Git\GIT_D532_20E_MC\s32k\D532_MC_20_E_APP\SDK\middleware\diag\uds\platform\sid0x99)
	gCrashRegisterRecord	NvM_Cfg.c (E:\workspace\S32K\Git\GIT_D532_20E_MC\s32k\D532_MC_20_E_APP\SDK\middleware\NVRAM\NvM)
	gCurrentDuty	Task_General.c (E:\workspace\S32K\Git\GIT_D532_20E_MC\s32k\D532_MC_20_E_APP\APP\Task_General)
	gCurrentDuty	Task_M_IpcApp.c (E:\workspace\S32K\Git\GIT_D532_20E_MC\s32k\D532_MC_20_E_APP\APP\Task_M_IpcApp)
	gDiagMuxOnCurState	sid0x22_cbk.c (E:\workspace\S32K\Git\GIT_D532_20E_MC\s32k\D532_MC_20_E_APP\SDK\middleware\diag\uds\platform\sid0x22)
	gDiagRandomNumber	CanIf.c (E:\workspace\S32K\Git\GIT_D532_20E_MC\s32k\D532_MC_20_E_APP\SDK\middleware\CAN\CanIf)
	gDtcAppCanFaultBitArray	dtcApp_cbk.c (E:\workspace\S32K\Git\GIT_D532_20E_MC\s32k\D532_MC_20_E_APP\SDK\middleware\diag\uds\platform\dtcApp)
	gDtcAppCanFaultBitRealtimeArray	dtcApp_cbk.c (E:\workspace\S32K\Git\GIT_D532_20E_MC\s32k\D532_MC_20_E_APP\SDK\middleware\diag\uds\platform\dtcApp)
	gDtcAppCanFaultBitRealtimeArray	sid0x22_cbk.c (E:\workspace\S32K\Git\GIT_D532_20E_MC\s32k\D532_MC_20_E_APP\SDK\middleware\diag\uds\platform\sid0x22)
	gDtcAppCanFaultInforPtr	dtcApp_cbk.c (E:\workspace\S32K\Git\GIT_D532_20E_MC\s32k\D532_MC_20_E_APP\SDK\middleware\diag\uds\platform\dtcApp)
	gDtcAppCanFaultInforPtr	sid0x22_cbk.c (E:\workspace\S32K\Git\GIT_D532_20E_MC\s32k\D532_MC_20_E_APP\SDK\middleware\diag\uds\platform\sid0x22)
	gDtcAppNvmBlockIdPtr	dtcApp_cbk.c (E:\workspace\S32K\Git\GIT_D532_20E_MC\s32k\D532_MC_20_E_APP\SDK\middleware\diag\uds\platform\dtcApp)
	gDtcAppTraceSwitchOn	sid0x99_cbk.c (E:\workspace\S32K\Git\GIT_D532_20E_MC\s32k\D532_MC_20_E_APP\SDK\middleware\diag\uds\platform\sid0x99)
	gDtcAvailableSpaceNumInNvmArray	dtcCore_cbk.c (E:\workspace\S32K\Git\GIT_D532_20E_MC\s32k\D532_MC_20_E_APP\SDK\middleware\diag\uds\platform\dtcCore)
	gDtcCoreCfgInfor	dtcCore_cbk.c (E:\workspace\S32K\Git\GIT_D532_20E_MC\s32k\D532_MC_20_E_APP\SDK\middleware\diag\uds\platform\dtcCore)
	gDtcMixInforArray	dtcCore_cbk.c (E:\workspace\S32K\Git\GIT_D532_20E_MC\s32k\D532_MC_20_E_APP\SDK\middleware\diag\uds\platform\dtcCore)
	gDtcSnapshotTypeLen	dtcCore_cbk.c (E:\workspace\S32K\Git\GIT_D532_20E_MC\s32k\D532_MC_20_E_APP\SDK\middleware\diag\uds\platform\dtcCore)
	gDtcStatusAndExtInforArray	dtcCore_cbk.c (E:\workspace\S32K\Git\GIT_D532_20E_MC\s32k\D532_MC_20_E_APP\SDK\middleware\diag\uds\platform\dtcCore)
	gDtcStatusAndExtInforArray	sid0x22_cbk.c (E:\workspace\S32K\Git\GIT_D532_20E_MC\s32k\D532_MC_20_E_APP\SDK\middleware\diag\uds\platform\sid0x22)
	gDtcStatusAndExtInfor_AVM	dtcCore_cbk.c (E:\workspace\S32K\Git\GIT_D532_20E_MC\s32k\D532_MC_20_E_APP\SDK\middleware\diag\uds\platform\dtcCore)
	gDtcStatusAndExtInfor_AVM	NvM_Cfg.c (E:\workspace\S32K\Git\GIT_D532_20E_MC\s32k\D532_MC_20_E_APP\SDK\middleware\NVRAM\NvM)
	gDtcStatusAndExtInfor_HUD	NvM_Cfg.c (E:\workspace\S32K\Git\GIT_D532_20E_MC\s32k\D532_MC_20_E_APP\SDK\middleware\NVRAM\NvM)
	gDtcStatusAndExtInfor_IC	dtcCore_cbk.c (E:\workspace\S32K\Git\GIT_D532_20E_MC\s32k\D532_MC_20_E_APP\SDK\middleware\diag\uds\platform\dtcCore)
	gDtcStatusAndExtInfor_IC	NvM_Cfg.c (E:\workspace\S32K\Git\GIT_D532_20E_MC\s32k\D532_MC_20_E_APP\SDK\middleware\NVRAM\NvM)
	gDtcStatusAndExtInfor_IVI	dtcApp_cbk.c (E:\workspace\S32K\Git\GIT_D532_20E_MC\s32k\D532_MC_20_E_APP\SDK\middleware\diag\uds\platform\dtcApp)
	gDtcStatusAndExtInfor_IVI	dtcCore_cbk.c (E:\workspace\S32K\Git\GIT_D532_20E_MC\s32k\D532_MC_20_E_APP\SDK\middleware\diag\uds\platform\dtcCore)
	gDtcStatusAndExtInfor_IVI	NvM_Cfg.c (E:\workspace\S32K\Git\GIT_D532_20E_MC\s32k\D532_MC_20_E_APP\SDK\middleware\NVRAM\NvM)
	gDtcStoredInforArray	dtcCore_cbk.c (E:\workspace\S32K\Git\GIT_D532_20E_MC\s32k\D532_MC_20_E_APP\SDK\middleware\diag\uds\platform\dtcCore)
	gDtcTotalNum	dtcCore_cbk.c (E:\workspace\S32K\Git\GIT_D532_20E_MC\s32k\D532_MC_20_E_APP\SDK\middleware\diag\uds\platform\dtcCore)
	gECUSerialNumbe	sid0x27_cbk.c (E:\workspace\S32K\Git\GIT_D532_20E_MC\s32k\D532_MC_20_E_APP\SDK\middleware\diag\uds\platform\sid0x27)
	gEnableInnerSidFlag	sid0x99_cbk.c (E:\workspace\S32K\Git\GIT_D532_20E_MC\s32k\D532_MC_20_E_APP\SDK\middleware\diag\uds\platform\sid0x99)
	gEnableTpTraceByCanFlag	NvM_Cfg.c (E:\workspace\S32K\Git\GIT_D532_20E_MC\s32k\D532_MC_20_E_APP\SDK\middleware\NVRAM\NvM)
	gFuelData	FuelProc.h (E:\workspace\S32K\Git\GIT_D532_20E_MC\s32k\D532_MC_20_E_APP\APP\Task_BC\Fuel)
	gHUD_ResetFinish	diagAppIpc_cbk.c (E:\workspace\S32K\Git\GIT_D532_20E_MC\s32k\D532_MC_20_E_APP\SDK\middleware\diag\diagApp)
	gHUD_ResetState	diagAppIpc_cbk.c (E:\workspace\S32K\Git\GIT_D532_20E_MC\s32k\D532_MC_20_E_APP\SDK\middleware\diag\diagApp)
	gIcCanFaultBitFlagArray	dtcApp_cbk.c (E:\workspace\S32K\Git\GIT_D532_20E_MC\s32k\D532_MC_20_E_APP\SDK\middleware\diag\uds\platform\dtcApp)
	gIcCanFaultBitFlagArray	dtcApp_cbk.c (E:\workspace\S32K\Git\GIT_D532_20E_MC\s32k\D532_MC_20_E_APP\SDK\middleware\diag\uds\platform\dtcApp)
	gIcCanFaultBitFlagArray	NvM_Cfg.c (E:\workspace\S32K\Git\GIT_D532_20E_MC\s32k\D532_MC_20_E_APP\SDK\middleware\NVRAM\NvM)
	gIcCanFaultRealtimeFlag	dtcApp_cbk.c (E:\workspace\S32K\Git\GIT_D532_20E_MC\s32k\D532_MC_20_E_APP\SDK\middleware\diag\uds\platform\dtcApp)
	gIgn_Off_UpdateFlag	Task_M_IpcApp.c (E:\workspace\S32K\Git\GIT_D532_20E_MC\s32k\D532_MC_20_E_APP\APP\Task_M_IpcApp)
	gIgn_Off_UpdateInProgressFlag	Task_General.c (E:\workspace\S32K\Git\GIT_D532_20E_MC\s32k\D532_MC_20_E_APP\APP\Task_General)
	gInterruptAwake	SysWakeUp.h (E:\workspace\S32K\Git\GIT_D532_20E_MC\s32k\D532_MC_20_E_APP\SDK\middleware\SysWakeUp)
	gIocMonitorIpcWithIVI	ipc_hb_with_ivi_if.h (E:\workspace\S32K\Git\GIT_D532_20E_MC\s32k\D532_MC_20_E_APP\APP\Task_M_IpcApp)
	gIOControlInfoArray	sid0x2f_cbk.c (E:\workspace\S32K\Git\GIT_D532_20E_MC\s32k\D532_MC_20_E_APP\SDK\middleware\diag\uds\platform\sid0x2f)
	gIocSWSubmitterName	main.c (E:\workspace\S32K\Git\GIT_D532_20E_MC\s32k\D532_MC_20_E_APP\APP)
	gIocSWVersion	main.c (E:\workspace\S32K\Git\GIT_D532_20E_MC\s32k\D532_MC_20_E_APP\APP)
	gIocSWVersion	SWVersion.h (E:\workspace\S32K\Git\GIT_D532_20E_MC\s32k\D532_MC_20_E_APP\APP\SWVersion)
	gIocSWVersion	sid0x22_cbk.c (E:\workspace\S32K\Git\GIT_D532_20E_MC\s32k\D532_MC_20_E_APP\SDK\middleware\diag\uds\platform\sid0x22)
	gIocSWVersion	ExternRTC.c (E:\workspace\S32K\Git\GIT_D532_20E_MC\s32k\D532_MC_20_E_APP\SDK\middleware\ExternRTC)
	gIOCtrlDidNum	sid0x2f_cbk.c (E:\workspace\S32K\Git\GIT_D532_20E_MC\s32k\D532_MC_20_E_APP\SDK\middleware\diag\uds\platform\sid0x2f)
	gITMasterCtrlVersion	sid0x22_cbk.c (E:\workspace\S32K\Git\GIT_D532_20E_MC\s32k\D532_MC_20_E_APP\SDK\middleware\diag\uds\platform\sid0x22)
	gITMasterCtrlVersion	HardwareVersion.h (E:\workspace\S32K\Git\GIT_D532_20E_MC\s32k\D532_MC_20_E_APP\SDK\middleware\HardwareVersion)
	gIVICanFaultBitFlagArray	dtcApp_cbk.c (E:\workspace\S32K\Git\GIT_D532_20E_MC\s32k\D532_MC_20_E_APP\SDK\middleware\diag\uds\platform\dtcApp)
	gIVICanFaultBitFlagArray	NvM_Cfg.c (E:\workspace\S32K\Git\GIT_D532_20E_MC\s32k\D532_MC_20_E_APP\SDK\middleware\NVRAM\NvM)
	gIVICanFaultRealtimeFlag	dtcApp_cbk.c (E:\workspace\S32K\Git\GIT_D532_20E_MC\s32k\D532_MC_20_E_APP\SDK\middleware\diag\uds\platform\dtcApp)
	gIVI_PKI_CERTIFICATE	diagAppIpc_cbk.c (E:\workspace\S32K\Git\GIT_D532_20E_MC\s32k\D532_MC_20_E_APP\SDK\middleware\diag\diagApp)
	gIVI_PKI_CERTIFICATE	dtcApp_cbk.c (E:\workspace\S32K\Git\GIT_D532_20E_MC\s32k\D532_MC_20_E_APP\SDK\middleware\diag\uds\platform\dtcApp)
	gIVI_PKI_CERTIFICATE	NvM_Cfg.c (E:\workspace\S32K\Git\GIT_D532_20E_MC\s32k\D532_MC_20_E_APP\SDK\middleware\NVRAM\NvM)
	gLostCanMsgCounter	sid0x99_cbk.c (E:\workspace\S32K\Git\GIT_D532_20E_MC\s32k\D532_MC_20_E_APP\SDK\middleware\diag\uds\platform\sid0x99)
	gNvmBlockIdListForDtcExtInforArray	dtcCore_cbk.c (E:\workspace\S32K\Git\GIT_D532_20E_MC\s32k\D532_MC_20_E_APP\SDK\middleware\diag\uds\platform\dtcCore)
	gNvmBlockIdListForRuntimeSnapshotArray	dtcCore_cbk.c (E:\workspace\S32K\Git\GIT_D532_20E_MC\s32k\D532_MC_20_E_APP\SDK\middleware\diag\uds\platform\dtcCore)
	gOutputCallback	TaskSpi_IpcCore.c (E:\workspace\S32K\Git\GIT_D532_20E_MC\s32k\D532_MC_20_E_APP\SDK\middleware\spiipc\platform)
	gPowerOnResetFlag	ExternRTC.c (E:\workspace\S32K\Git\GIT_D532_20E_MC\s32k\D532_MC_20_E_APP\SDK\middleware\ExternRTC)
	gPreDuty	Task_General.c (E:\workspace\S32K\Git\GIT_D532_20E_MC\s32k\D532_MC_20_E_APP\APP\Task_General)
	gpsInfoFromSoc	gyroacc_service.h (E:\workspace\S32K\Git\GIT_D532_20E_MC\s32k\D532_MC_20_E_APP\APP\Task_GyroAcc)
	gpsInfoFromSoc	NvM_Cfg.c (E:\workspace\S32K\Git\GIT_D532_20E_MC\s32k\D532_MC_20_E_APP\SDK\middleware\NVRAM\NvM)
	gpsInfoHandleFlag	gyroacc_service.h (E:\workspace\S32K\Git\GIT_D532_20E_MC\s32k\D532_MC_20_E_APP\APP\Task_GyroAcc)
	gRespDataLen	sid0x22_cbk.c (E:\workspace\S32K\Git\GIT_D532_20E_MC\s32k\D532_MC_20_E_APP\SDK\middleware\diag\uds\platform\sid0x22)
	gRespDataLen	sid0x2f_cbk.c (E:\workspace\S32K\Git\GIT_D532_20E_MC\s32k\D532_MC_20_E_APP\SDK\middleware\diag\uds\platform\sid0x2f)
	gRespDataLen	sid0x31_cbk.c (E:\workspace\S32K\Git\GIT_D532_20E_MC\s32k\D532_MC_20_E_APP\SDK\middleware\diag\uds\platform\sid0x31)
	gRespDataLen	sid0x99_cbk.c (E:\workspace\S32K\Git\GIT_D532_20E_MC\s32k\D532_MC_20_E_APP\SDK\middleware\diag\uds\platform\sid0x99)
	GroupSpi_Ntf_cbs	Spi_Ipc_gw_api.c (E:\workspace\S32K\Git\GIT_D532_20E_MC\s32k\D532_MC_20_E_APP\SDK\middleware\spiipc\gateway)
	gRoutineCtlInfors	sid0x31_cbk.c (E:\workspace\S32K\Git\GIT_D532_20E_MC\s32k\D532_MC_20_E_APP\SDK\middleware\diag\uds\platform\sid0x31)
	gRoutineCtrlTotalNum	sid0x31_cbk.c (E:\workspace\S32K\Git\GIT_D532_20E_MC\s32k\D532_MC_20_E_APP\SDK\middleware\diag\uds\platform\sid0x31)
	gRoutinueCtrlStatusArray	sid0x31_cbk.c (E:\workspace\S32K\Git\GIT_D532_20E_MC\s32k\D532_MC_20_E_APP\SDK\middleware\diag\uds\platform\sid0x31)
	gRunInMainFlag	Task_General.c (E:\workspace\S32K\Git\GIT_D532_20E_MC\s32k\D532_MC_20_E_APP\APP\Task_General)
	gRunInMainFlag	trace.c (E:\workspace\S32K\Git\GIT_D532_20E_MC\s32k\D532_MC_20_E_APP\SDK\middleware\Trace)
	gRuntimeSnapshotArray	dtcCore_cbk.c (E:\workspace\S32K\Git\GIT_D532_20E_MC\s32k\D532_MC_20_E_APP\SDK\middleware\diag\uds\platform\dtcCore)
	gRuntimeSnapshot_AVM	dtcCore_cbk.c (E:\workspace\S32K\Git\GIT_D532_20E_MC\s32k\D532_MC_20_E_APP\SDK\middleware\diag\uds\platform\dtcCore)
	gRuntimeSnapshot_AVM	NvM_Cfg.c (E:\workspace\S32K\Git\GIT_D532_20E_MC\s32k\D532_MC_20_E_APP\SDK\middleware\NVRAM\NvM)
	gRuntimeSnapshot_HUD	dtcCore_cbk.c (E:\workspace\S32K\Git\GIT_D532_20E_MC\s32k\D532_MC_20_E_APP\SDK\middleware\diag\uds\platform\dtcCore)
	gRuntimeSnapshot_HUD	NvM_Cfg.c (E:\workspace\S32K\Git\GIT_D532_20E_MC\s32k\D532_MC_20_E_APP\SDK\middleware\NVRAM\NvM)
	gRuntimeSnapshot_IC	dtcCore_cbk.c (E:\workspace\S32K\Git\GIT_D532_20E_MC\s32k\D532_MC_20_E_APP\SDK\middleware\diag\uds\platform\dtcCore)
	gRuntimeSnapshot_IC	NvM_Cfg.c (E:\workspace\S32K\Git\GIT_D532_20E_MC\s32k\D532_MC_20_E_APP\SDK\middleware\NVRAM\NvM)
	gRuntimeSnapshot_IVI	dtcCore_cbk.c (E:\workspace\S32K\Git\GIT_D532_20E_MC\s32k\D532_MC_20_E_APP\SDK\middleware\diag\uds\platform\dtcCore)
	gRuntimeSnapshot_IVI	NvM_Cfg.c (E:\workspace\S32K\Git\GIT_D532_20E_MC\s32k\D532_MC_20_E_APP\SDK\middleware\NVRAM\NvM)
	gSetStdData	ExternRTC.h (E:\workspace\S32K\Git\GIT_D532_20E_MC\s32k\D532_MC_20_E_APP\SDK\middleware\ExternRTC)
	gSid0x27CfgInfor	sid0x27_cbk.c (E:\workspace\S32K\Git\GIT_D532_20E_MC\s32k\D532_MC_20_E_APP\SDK\middleware\diag\uds\platform\sid0x27)
	gSleepM_WakeUp_Flag2	CanIf.c (E:\workspace\S32K\Git\GIT_D532_20E_MC\s32k\D532_MC_20_E_APP\SDK\middleware\CAN\CanIf)
	gSoftWareResetFlag	SleepM.c (E:\workspace\S32K\Git\GIT_D532_20E_MC\s32k\D532_MC_20_E_APP\SDK\middleware\CAN\CanNm)
	gSpiIpcCQueueMutexIndex	SPI_CircularQueue.c (E:\workspace\S32K\Git\GIT_D532_20E_MC\s32k\D532_MC_20_E_APP\SDK\middleware\spiipc\core)
	gSpiIpcCQueueMutexIndex	TraceStore.c (E:\workspace\S32K\Git\GIT_D532_20E_MC\s32k\D532_MC_20_E_APP\SDK\middleware\TraceStore)
	gSpiIpcGlobalCfg	SPI_CircularQueue.c (E:\workspace\S32K\Git\GIT_D532_20E_MC\s32k\D532_MC_20_E_APP\SDK\middleware\spiipc\core)
	gSpiIpcGlobalCfg	spiMutex.c (E:\workspace\S32K\Git\GIT_D532_20E_MC\s32k\D532_MC_20_E_APP\SDK\middleware\spiipc\platform)
	gSpiIpcGlobalCfg	spiSem.c (E:\workspace\S32K\Git\GIT_D532_20E_MC\s32k\D532_MC_20_E_APP\SDK\middleware\spiipc\platform)
	gSpiIpcGlobalCfg	TaskSpi_IpcCore.c (E:\workspace\S32K\Git\GIT_D532_20E_MC\s32k\D532_MC_20_E_APP\SDK\middleware\spiipc\platform)
	gSpiIpcMutexHandlePool	spiMutex.c (E:\workspace\S32K\Git\GIT_D532_20E_MC\s32k\D532_MC_20_E_APP\SDK\middleware\spiipc\platform)
	gSpiSemPool	spiSem.c (E:\workspace\S32K\Git\GIT_D532_20E_MC\s32k\D532_MC_20_E_APP\SDK\middleware\spiipc\platform)
	gSystemInitDoneFlag	Task_General.c (E:\workspace\S32K\Git\GIT_D532_20E_MC\s32k\D532_MC_20_E_APP\APP\Task_General)
	gSystemInitDoneFlag	pmStateMachine.c (E:\workspace\S32K\Git\GIT_D532_20E_MC\s32k\D532_MC_20_E_APP\APP\Task_PowerModing)
	gSystemInitDoneFlag	iic_if_cfg.h (E:\workspace\S32K\Git\GIT_D532_20E_MC\s32k\D532_MC_20_E_APP\SDK\middleware\Iic_if)
	gSystemInitDoneFlag	NvM_Cbk.c (E:\workspace\S32K\Git\GIT_D532_20E_MC\s32k\D532_MC_20_E_APP\SDK\middleware\NVRAM\NvM)
	gSystemInitDoneFlag	Standby.c (E:\workspace\S32K\Git\GIT_D532_20E_MC\s32k\D532_MC_20_E_APP\SDK\middleware\Standby)
	gSystemInitDoneFlag	SysWakeUp.c (E:\workspace\S32K\Git\GIT_D532_20E_MC\s32k\D532_MC_20_E_APP\SDK\middleware\SysWakeUp)
	gSystemInitDoneFlag	trace.c (E:\workspace\S32K\Git\GIT_D532_20E_MC\s32k\D532_MC_20_E_APP\SDK\middleware\Trace)
	gSystemInitDoneFlag	TraceStore.c (E:\workspace\S32K\Git\GIT_D532_20E_MC\s32k\D532_MC_20_E_APP\SDK\middleware\TraceStore)
	gSystemInitDoneFlag	system_S32K148.c (E:\workspace\S32K\Git\GIT_D532_20E_MC\s32k\D532_MC_20_E_APP\SDK\platform\devices\S32K148\startup)
	gSystemInitDoneFlag	lpi2c_driver.c (E:\workspace\S32K\Git\GIT_D532_20E_MC\s32k\D532_MC_20_E_APP\SDK\platform\drivers\src\lpi2c)
	gSystemPowerUp	pmStateMachine.c (E:\workspace\S32K\Git\GIT_D532_20E_MC\s32k\D532_MC_20_E_APP\APP\Task_PowerModing)
	gSystemPowerUp	Standby.c (E:\workspace\S32K\Git\GIT_D532_20E_MC\s32k\D532_MC_20_E_APP\SDK\middleware\Standby)
	gSystemPowerUp	SysWakeUp.c (E:\workspace\S32K\Git\GIT_D532_20E_MC\s32k\D532_MC_20_E_APP\SDK\middleware\SysWakeUp)
	gSystemsleeping	SysWakeUp.h (E:\workspace\S32K\Git\GIT_D532_20E_MC\s32k\D532_MC_20_E_APP\SDK\middleware\SysWakeUp)
	gTimerSTmin	tp.c (E:\workspace\S32K\Git\GIT_D532_20E_MC\s32k\D532_MC_20_E_APP\SDK\middleware\isotp)
	gTpCfgInfor	tp.c (E:\workspace\S32K\Git\GIT_D532_20E_MC\s32k\D532_MC_20_E_APP\SDK\middleware\isotp)
	gTpChInfor	tp.c (E:\workspace\S32K\Git\GIT_D532_20E_MC\s32k\D532_MC_20_E_APP\SDK\middleware\isotp)
	gTpRxCirlceListInfor	tp.c (E:\workspace\S32K\Git\GIT_D532_20E_MC\s32k\D532_MC_20_E_APP\SDK\middleware\isotp)
	gTraceModuleInfoList	sid0x99_cbk.c (E:\workspace\S32K\Git\GIT_D532_20E_MC\s32k\D532_MC_20_E_APP\SDK\middleware\diag\uds\platform\sid0x99)
	gTxcfmCh	tp.c (E:\workspace\S32K\Git\GIT_D532_20E_MC\s32k\D532_MC_20_E_APP\SDK\middleware\isotp)
	gUDSBufferPtr	sid0x2f_cbk.c (E:\workspace\S32K\Git\GIT_D532_20E_MC\s32k\D532_MC_20_E_APP\SDK\middleware\diag\uds\platform\sid0x2f)
	gUDSBufferPtr	sid0x31_cbk.c (E:\workspace\S32K\Git\GIT_D532_20E_MC\s32k\D532_MC_20_E_APP\SDK\middleware\diag\uds\platform\sid0x31)
	gUdsCfgInfor	uds_cbk.c (E:\workspace\S32K\Git\GIT_D532_20E_MC\s32k\D532_MC_20_E_APP\SDK\middleware\diag\uds\platform)
	gUdsCfgInfor	sid0x11_cbk.c (E:\workspace\S32K\Git\GIT_D532_20E_MC\s32k\D532_MC_20_E_APP\SDK\middleware\diag\uds\platform\sid0x11)
	gUdsChSupportFlag	sid0x22_cfg.c (E:\workspace\S32K\Git\GIT_D532_20E_MC\s32k\D532_MC_20_E_APP\SDK\middleware\diag\uds\platform\sid0x22)
	gUdsTmpReqInfor	diagAppSid0x22.c (E:\workspace\S32K\Git\GIT_D532_20E_MC\s32k\D532_MC_20_E_APP\SDK\middleware\diag\diagApp)
	gUnlockAmeKey	ame.c (E:\workspace\S32K\Git\GIT_D532_20E_MC\s32k\D532_MC_20_E_APP\SDK\middleware\diag\ame)
	gUpperLayerWrapper	tp.c (E:\workspace\S32K\Git\GIT_D532_20E_MC\s32k\D532_MC_20_E_APP\SDK\middleware\isotp)
	gUpperRxBufHeader	tp.c (E:\workspace\S32K\Git\GIT_D532_20E_MC\s32k\D532_MC_20_E_APP\SDK\middleware\isotp)
	gUpperRxBufPtr	tp.c (E:\workspace\S32K\Git\GIT_D532_20E_MC\s32k\D532_MC_20_E_APP\SDK\middleware\isotp)
	gUpperTxDataInfor	tp.c (E:\workspace\S32K\Git\GIT_D532_20E_MC\s32k\D532_MC_20_E_APP\SDK\middleware\isotp)
	gVariantCtrlVersion	Task_PowerModing.c (E:\workspace\S32K\Git\GIT_D532_20E_MC\s32k\D532_MC_20_E_APP\APP\Task_PowerModing)
	gWarningLampLightingRecords	diagAppWllr_cbk.c (E:\workspace\S32K\Git\GIT_D532_20E_MC\s32k\D532_MC_20_E_APP\SDK\middleware\diag\diagApp)
	gWarningLampLightingRecords	sid0x22_cbk.c (E:\workspace\S32K\Git\GIT_D532_20E_MC\s32k\D532_MC_20_E_APP\SDK\middleware\diag\uds\platform\sid0x22)
	gWarningLampLightingRecords	NvM_Cfg.c (E:\workspace\S32K\Git\GIT_D532_20E_MC\s32k\D532_MC_20_E_APP\SDK\middleware\NVRAM\NvM)
	gWlStatusRecords	diagAppWllr_cbk.c (E:\workspace\S32K\Git\GIT_D532_20E_MC\s32k\D532_MC_20_E_APP\SDK\middleware\diag\diagApp)
	GyroAcceData_TxEn	Task_M_IpcApp.c (E:\workspace\S32K\Git\GIT_D532_20E_MC\s32k\D532_MC_20_E_APP\APP\Task_M_IpcApp)
	gyro_data	a3g4250d_driver.h (E:\workspace\S32K\Git\GIT_D532_20E_MC\s32k\D532_MC_20_E_APP\APP\Task_GyroAcc)
	g_AVM_EncryptedIC_Status	sid0x22_cbk.c (E:\workspace\S32K\Git\GIT_D532_20E_MC\s32k\D532_MC_20_E_APP\SDK\middleware\diag\uds\platform\sid0x22)
	g_AVM_Original_Status	sid0x22_cbk.c (E:\workspace\S32K\Git\GIT_D532_20E_MC\s32k\D532_MC_20_E_APP\SDK\middleware\diag\uds\platform\sid0x22)
	g_AVM_ProductionLine	sid0x22_cbk.c (E:\workspace\S32K\Git\GIT_D532_20E_MC\s32k\D532_MC_20_E_APP\SDK\middleware\diag\uds\platform\sid0x22)
	g_AVM_ProductionLine	NvM_Cfg.c (E:\workspace\S32K\Git\GIT_D532_20E_MC\s32k\D532_MC_20_E_APP\SDK\middleware\NVRAM\NvM)
	g_AVM_ProgramingDate	Task_M_IpcApp.c (E:\workspace\S32K\Git\GIT_D532_20E_MC\s32k\D532_MC_20_E_APP\APP\Task_M_IpcApp)
	g_AVM_ProgramingDate	sid0x22_cbk.c (E:\workspace\S32K\Git\GIT_D532_20E_MC\s32k\D532_MC_20_E_APP\SDK\middleware\diag\uds\platform\sid0x22)
	g_AVM_SysSupplierEcuSwVersionNum	Task_M_IpcApp.c (E:\workspace\S32K\Git\GIT_D532_20E_MC\s32k\D532_MC_20_E_APP\APP\Task_M_IpcApp)
	g_AVM_SysSupplierEcuSwVersionNum	sid0x22_cbk.c (E:\workspace\S32K\Git\GIT_D532_20E_MC\s32k\D532_MC_20_E_APP\SDK\middleware\diag\uds\platform\sid0x22)
	g_AVM_UdsInnerTestDid	sid0x22_cbk.c (E:\workspace\S32K\Git\GIT_D532_20E_MC\s32k\D532_MC_20_E_APP\SDK\middleware\diag\uds\platform\sid0x22)
	g_BootLoaderJumpCmd	dea.c (E:\workspace\S32K\Git\GIT_D532_20E_MC\s32k\D532_MC_20_E_APP\APP\DEA)
	g_BootLoaderJumpCmd	Task_IpcApp.c (E:\workspace\S32K\Git\GIT_D532_20E_MC\s32k\D532_MC_20_E_APP\APP\Task_IpcApp)
	g_BootLoaderJumpCmd	Task_PowerModing.c (E:\workspace\S32K\Git\GIT_D532_20E_MC\s32k\D532_MC_20_E_APP\APP\Task_PowerModing)
	g_BootLoaderJumpCmd	backram_var.h (E:\workspace\S32K\Git\GIT_D532_20E_MC\s32k\D532_MC_20_E_APP\SDK\middleware\backRam)
	g_BootLoaderJumpCmd	Standby.c (E:\workspace\S32K\Git\GIT_D532_20E_MC\s32k\D532_MC_20_E_APP\SDK\middleware\Standby)
	g_CanAppPduTimeOutFlag	Com_Cbk.c (E:\workspace\S32K\Git\GIT_D532_20E_MC\s32k\D532_MC_20_E_APP\SDK\middleware\CAN\Com)
	g_CanMsgRxTimeoutFlag	Com_Cbk.c (E:\workspace\S32K\Git\GIT_D532_20E_MC\s32k\D532_MC_20_E_APP\SDK\middleware\CAN\Com)
	g_clockManCallbacksArr	clockManager_cfg.h (E:\workspace\S32K\Git\GIT_D532_20E_MC\s32k\D532_MC_20_E_APP\Generated_Code)
	g_clockManConfigsArr	clockManager_cfg.h (E:\workspace\S32K\Git\GIT_D532_20E_MC\s32k\D532_MC_20_E_APP\Generated_Code)
	g_DeaResetMagicWord	dea.c (E:\workspace\S32K\Git\GIT_D532_20E_MC\s32k\D532_MC_20_E_APP\APP\DEA)
	g_DeaResetMagicWord	backram_var.h (E:\workspace\S32K\Git\GIT_D532_20E_MC\s32k\D532_MC_20_E_APP\SDK\middleware\backRam)
	g_defaultIsrFlag	backram_var.h (E:\workspace\S32K\Git\GIT_D532_20E_MC\s32k\D532_MC_20_E_APP\SDK\middleware\backRam)
	g_defaultIsrFlag	Standby.c (E:\workspace\S32K\Git\GIT_D532_20E_MC\s32k\D532_MC_20_E_APP\SDK\middleware\Standby)
	g_defaultIsrRegisterRecord	backram_var.h (E:\workspace\S32K\Git\GIT_D532_20E_MC\s32k\D532_MC_20_E_APP\SDK\middleware\backRam)
	g_defaultIsrRegisterRecord	Standby.c (E:\workspace\S32K\Git\GIT_D532_20E_MC\s32k\D532_MC_20_E_APP\SDK\middleware\Standby)
	g_enetState	enet_hw_access.c (E:\workspace\S32K\Git\GIT_D532_20E_MC\s32k\D532_MC_20_E_APP\SDK\platform\drivers\src\enet)
	g_flexioBase	flexio_common.h (E:\workspace\S32K\Git\GIT_D532_20E_MC\s32k\D532_MC_20_E_APP\SDK\platform\drivers\src\flexio)
	g_flexioClock	flexio_common.h (E:\workspace\S32K\Git\GIT_D532_20E_MC\s32k\D532_MC_20_E_APP\SDK\platform\drivers\src\flexio)
	g_flexioDeviceStatePtr	flexio_common.h (E:\workspace\S32K\Git\GIT_D532_20E_MC\s32k\D532_MC_20_E_APP\SDK\platform\drivers\src\flexio)
	g_flexioDMASrc	flexio_common.h (E:\workspace\S32K\Git\GIT_D532_20E_MC\s32k\D532_MC_20_E_APP\SDK\platform\drivers\src\flexio)
	g_flexioIrqId	flexio_common.h (E:\workspace\S32K\Git\GIT_D532_20E_MC\s32k\D532_MC_20_E_APP\SDK\platform\drivers\src\flexio)
	g_ftmBase	ftm_common.h (E:\workspace\S32K\Git\GIT_D532_20E_MC\s32k\D532_MC_20_E_APP\SDK\platform\drivers\inc)
	g_ftmFaultIrqId	ftm_common.h (E:\workspace\S32K\Git\GIT_D532_20E_MC\s32k\D532_MC_20_E_APP\SDK\platform\drivers\inc)
	g_ftmIrqId	ftm_common.h (E:\workspace\S32K\Git\GIT_D532_20E_MC\s32k\D532_MC_20_E_APP\SDK\platform\drivers\inc)
	g_ftmOverflowIrqId	ftm_common.h (E:\workspace\S32K\Git\GIT_D532_20E_MC\s32k\D532_MC_20_E_APP\SDK\platform\drivers\inc)
	g_ftmReloadIrqId	ftm_common.h (E:\workspace\S32K\Git\GIT_D532_20E_MC\s32k\D532_MC_20_E_APP\SDK\platform\drivers\inc)
	g_gps_latitude	Gps_Parse.h (E:\workspace\S32K\Git\GIT_D532_20E_MC\s32k\D532_MC_20_E_APP\SDK\middleware\GpsParse)
	g_gps_longitude	Gps_Parse.h (E:\workspace\S32K\Git\GIT_D532_20E_MC\s32k\D532_MC_20_E_APP\SDK\middleware\GpsParse)
	g_IC_DiagIdCode	sid0x22_cbk.c (E:\workspace\S32K\Git\GIT_D532_20E_MC\s32k\D532_MC_20_E_APP\SDK\middleware\diag\uds\platform\sid0x22)
	g_IC_LatestSparePartsNum	sid0x22_cbk.c (E:\workspace\S32K\Git\GIT_D532_20E_MC\s32k\D532_MC_20_E_APP\SDK\middleware\diag\uds\platform\sid0x22)
	g_IC_SparePartsNumNissan	sid0x22_cbk.c (E:\workspace\S32K\Git\GIT_D532_20E_MC\s32k\D532_MC_20_E_APP\SDK\middleware\diag\uds\platform\sid0x22)
	g_IC_SparePartsNumRenault	sid0x22_cbk.c (E:\workspace\S32K\Git\GIT_D532_20E_MC\s32k\D532_MC_20_E_APP\SDK\middleware\diag\uds\platform\sid0x22)
	g_IC_SysSupplierEcuSwNum	sid0x22_cbk.c (E:\workspace\S32K\Git\GIT_D532_20E_MC\s32k\D532_MC_20_E_APP\SDK\middleware\diag\uds\platform\sid0x22)
	g_IC_SysSupplierEcuSwVersionNum	sid0x22_cbk.c (E:\workspace\S32K\Git\GIT_D532_20E_MC\s32k\D532_MC_20_E_APP\SDK\middleware\diag\uds\platform\sid0x22)
	g_IC_SysSupplierNum	sid0x22_cbk.c (E:\workspace\S32K\Git\GIT_D532_20E_MC\s32k\D532_MC_20_E_APP\SDK\middleware\diag\uds\platform\sid0x22)
	g_IC_UdsInnerTestDid	sid0x22_cbk.c (E:\workspace\S32K\Git\GIT_D532_20E_MC\s32k\D532_MC_20_E_APP\SDK\middleware\diag\uds\platform\sid0x22)
	g_IVI_DiagIdCode	sid0x22_cbk.c (E:\workspace\S32K\Git\GIT_D532_20E_MC\s32k\D532_MC_20_E_APP\SDK\middleware\diag\uds\platform\sid0x22)
	g_IVI_EcuSerialNum	sid0x22_cbk.c (E:\workspace\S32K\Git\GIT_D532_20E_MC\s32k\D532_MC_20_E_APP\SDK\middleware\diag\uds\platform\sid0x22)
	g_IVI_OperationalReference	sid0x22_cbk.c (E:\workspace\S32K\Git\GIT_D532_20E_MC\s32k\D532_MC_20_E_APP\SDK\middleware\diag\uds\platform\sid0x22)
	g_IVI_SetupCertificateState	sid0x22_cbk.c (E:\workspace\S32K\Git\GIT_D532_20E_MC\s32k\D532_MC_20_E_APP\SDK\middleware\diag\uds\platform\sid0x22)
	g_IVI_SparePartsNumNissan	sid0x22_cbk.c (E:\workspace\S32K\Git\GIT_D532_20E_MC\s32k\D532_MC_20_E_APP\SDK\middleware\diag\uds\platform\sid0x22)
	g_IVI_SysSupplierEcuSwNum	sid0x22_cbk.c (E:\workspace\S32K\Git\GIT_D532_20E_MC\s32k\D532_MC_20_E_APP\SDK\middleware\diag\uds\platform\sid0x22)
	g_IVI_SysSupplierEcuSwVersionNum	sid0x22_cbk.c (E:\workspace\S32K\Git\GIT_D532_20E_MC\s32k\D532_MC_20_E_APP\SDK\middleware\diag\uds\platform\sid0x22)
	g_IVI_SysSupplierNum	sid0x22_cbk.c (E:\workspace\S32K\Git\GIT_D532_20E_MC\s32k\D532_MC_20_E_APP\SDK\middleware\diag\uds\platform\sid0x22)
	g_IVI_UdsInnerTestDid	sid0x22_cbk.c (E:\workspace\S32K\Git\GIT_D532_20E_MC\s32k\D532_MC_20_E_APP\SDK\middleware\diag\uds\platform\sid0x22)
	g_IVI_VehicleManufEcuHwNum	sid0x22_cbk.c (E:\workspace\S32K\Git\GIT_D532_20E_MC\s32k\D532_MC_20_E_APP\SDK\middleware\diag\uds\platform\sid0x22)
	g_IVI_VIN	sid0x22_cbk.c (E:\workspace\S32K\Git\GIT_D532_20E_MC\s32k\D532_MC_20_E_APP\SDK\middleware\diag\uds\platform\sid0x22)
	g_IVI_VIN	NvM_Cfg.c (E:\workspace\S32K\Git\GIT_D532_20E_MC\s32k\D532_MC_20_E_APP\SDK\middleware\NVRAM\NvM)
	g_linLpuartBase	lin_lpuart_driver.h (E:\workspace\S32K\Git\GIT_D532_20E_MC\s32k\D532_MC_20_E_APP\SDK\platform\drivers\src\lpuart)
	g_linLpuartErrIrqId	lin_lpuart_driver.h (E:\workspace\S32K\Git\GIT_D532_20E_MC\s32k\D532_MC_20_E_APP\SDK\platform\drivers\src\lpuart)
	g_linLpuartErrIsrs	lin_lpuart_driver.c (E:\workspace\S32K\Git\GIT_D532_20E_MC\s32k\D532_MC_20_E_APP\SDK\platform\drivers\src\lpuart)
	g_linLpuartIsrs	lin_lpuart_driver.c (E:\workspace\S32K\Git\GIT_D532_20E_MC\s32k\D532_MC_20_E_APP\SDK\platform\drivers\src\lpuart)
	g_linLpuartRxTxIrqId	lin_lpuart_driver.h (E:\workspace\S32K\Git\GIT_D532_20E_MC\s32k\D532_MC_20_E_APP\SDK\platform\drivers\src\lpuart)
	g_linStatePtr	lin_lpuart_driver.h (E:\workspace\S32K\Git\GIT_D532_20E_MC\s32k\D532_MC_20_E_APP\SDK\platform\drivers\src\lpuart)
	g_linUserconfigPtr	lin_lpuart_driver.h (E:\workspace\S32K\Git\GIT_D532_20E_MC\s32k\D532_MC_20_E_APP\SDK\platform\drivers\src\lpuart)
	g_lpspiBase	lpspi_shared_function.h (E:\workspace\S32K\Git\GIT_D532_20E_MC\s32k\D532_MC_20_E_APP\SDK\platform\drivers\inc)
	g_lpspiIrqId	lpspi_shared_function.h (E:\workspace\S32K\Git\GIT_D532_20E_MC\s32k\D532_MC_20_E_APP\SDK\platform\drivers\inc)
	g_lpspiStatePtr	lpspi_shared_function.h (E:\workspace\S32K\Git\GIT_D532_20E_MC\s32k\D532_MC_20_E_APP\SDK\platform\drivers\inc)
	g_lpuartIsr	lpuart_irq.h (E:\workspace\S32K\Git\GIT_D532_20E_MC\s32k\D532_MC_20_E_APP\SDK\platform\drivers\src\lpuart)
	g_odo_back	NvM_Cfg.c (E:\workspace\S32K\Git\GIT_D532_20E_MC\s32k\D532_MC_20_E_APP\SDK\middleware\NVRAM\NvM)
	g_odo_back1	NvM_Cfg.c (E:\workspace\S32K\Git\GIT_D532_20E_MC\s32k\D532_MC_20_E_APP\SDK\middleware\NVRAM\NvM)
	g_odo_Odo	NvM_Cfg.c (E:\workspace\S32K\Git\GIT_D532_20E_MC\s32k\D532_MC_20_E_APP\SDK\middleware\NVRAM\NvM)
	g_odo_para	NvM_Cfg.c (E:\workspace\S32K\Git\GIT_D532_20E_MC\s32k\D532_MC_20_E_APP\SDK\middleware\NVRAM\NvM)
	g_pin_mux_i2c0_Arr	iic_if_cfg.h (E:\workspace\S32K\Git\GIT_D532_20E_MC\s32k\D532_MC_20_E_APP\SDK\middleware\Iic_if)
	g_pin_mux_i2c0_busoff_recover_Arr	iic_if_cfg.h (E:\workspace\S32K\Git\GIT_D532_20E_MC\s32k\D532_MC_20_E_APP\SDK\middleware\Iic_if)
	g_pin_mux_i2c1_Arr	iic_if_cfg.h (E:\workspace\S32K\Git\GIT_D532_20E_MC\s32k\D532_MC_20_E_APP\SDK\middleware\Iic_if)
	g_pin_mux_i2c1_busoff_recover_Arr	iic_if_cfg.h (E:\workspace\S32K\Git\GIT_D532_20E_MC\s32k\D532_MC_20_E_APP\SDK\middleware\Iic_if)
	g_pin_mux_InitConfigArr	pin_mux.h (E:\workspace\S32K\Git\GIT_D532_20E_MC\s32k\D532_MC_20_E_APP\Generated_Code)
	g_PowerModingTrace	Task_PowerModing.c (E:\workspace\S32K\Git\GIT_D532_20E_MC\s32k\D532_MC_20_E_APP\APP\Task_PowerModing)
	g_qspiBase	quadspi_driver.h (E:\workspace\S32K\Git\GIT_D532_20E_MC\s32k\D532_MC_20_E_APP\SDK\platform\drivers\inc)
	g_RtcClkInFreq	clock_S32K1xx.h (E:\workspace\S32K\Git\GIT_D532_20E_MC\s32k\D532_MC_20_E_APP\SDK\platform\drivers\src\clock\S32K1xx)
	g_rtcIrqNumbers	rtc_driver.c (E:\workspace\S32K\Git\GIT_D532_20E_MC\s32k\D532_MC_20_E_APP\SDK\platform\drivers\src\rtc)
	g_rtcSecondsIrqNb	rtc_driver.c (E:\workspace\S32K\Git\GIT_D532_20E_MC\s32k\D532_MC_20_E_APP\SDK\platform\drivers\src\rtc)
	g_SERV_Coding	MaintainServiceCfg.h (E:\workspace\S32K\Git\GIT_D532_20E_MC\s32k\D532_MC_20_E_APP\APP\Task_BC\SERV)
	g_SERV_Coding	NvM_Cfg.c (E:\workspace\S32K\Git\GIT_D532_20E_MC\s32k\D532_MC_20_E_APP\SDK\middleware\NVRAM\NvM)
	g_sSecondPanelSendDataFlag	SecondPanel.h (E:\workspace\S32K\Git\GIT_D532_20E_MC\s32k\D532_MC_20_E_APP\SDK\middleware\SecondPanel)
	g_sUpdateSysCurFunctionID	update_sys.h (E:\workspace\S32K\Git\GIT_D532_20E_MC\s32k\D532_MC_20_E_APP\SDK\middleware\Swdl)
	g_SysSleepInMainCmd	Standby.h (E:\workspace\S32K\Git\GIT_D532_20E_MC\s32k\D532_MC_20_E_APP\SDK\middleware\Standby)
	g_sys_setting	sys_setting.h (E:\workspace\S32K\Git\GIT_D532_20E_MC\s32k\D532_MC_20_E_APP\APP\Task_IpcApp)
	g_sys_setting	NvM_Cfg.c (E:\workspace\S32K\Git\GIT_D532_20E_MC\s32k\D532_MC_20_E_APP\SDK\middleware\NVRAM\NvM)
	g_TClkFreq	clock_S32K1xx.h (E:\workspace\S32K\Git\GIT_D532_20E_MC\s32k\D532_MC_20_E_APP\SDK\platform\drivers\src\clock\S32K1xx)
	g_Unit_Coding	unit.h (E:\workspace\S32K\Git\GIT_D532_20E_MC\s32k\D532_MC_20_E_APP\APP\Task_BC\unit)
	g_Unit_Coding	NvM_Cfg.c (E:\workspace\S32K\Git\GIT_D532_20E_MC\s32k\D532_MC_20_E_APP\SDK\middleware\NVRAM\NvM)
	g_VEL_Coding	Vel_cfg.h (E:\workspace\S32K\Git\GIT_D532_20E_MC\s32k\D532_MC_20_E_APP\APP\Task_BC\Vel)
	g_VEL_Coding	NvM_Cfg.c (E:\workspace\S32K\Git\GIT_D532_20E_MC\s32k\D532_MC_20_E_APP\SDK\middleware\NVRAM\NvM)
	g_VEL_LT_Config	NvM_Cfg.c (E:\workspace\S32K\Git\GIT_D532_20E_MC\s32k\D532_MC_20_E_APP\SDK\middleware\NVRAM\NvM)
	g_xtal0ClkFreq	clock_S32K1xx.h (E:\workspace\S32K\Git\GIT_D532_20E_MC\s32k\D532_MC_20_E_APP\SDK\platform\drivers\src\clock\S32K1xx)
	hwCrc_cfg_InitConfig0	hwCrc_cfg.h (E:\workspace\S32K\Git\GIT_D532_20E_MC\s32k\D532_MC_20_E_APP\Generated_Code)
	hwCrc_cfg_InitConfig1	hwCrc_cfg.h (E:\workspace\S32K\Git\GIT_D532_20E_MC\s32k\D532_MC_20_E_APP\Generated_Code)
	hwCrc_cfg_InitConfig2	hwCrc_cfg.h (E:\workspace\S32K\Git\GIT_D532_20E_MC\s32k\D532_MC_20_E_APP\Generated_Code)
	i2c_FristInitFlag	iic_if_cfg.h (E:\workspace\S32K\Git\GIT_D532_20E_MC\s32k\D532_MC_20_E_APP\SDK\middleware\Iic_if)
	iic0DevicesCfg	iic_if_cfg.h (E:\workspace\S32K\Git\GIT_D532_20E_MC\s32k\D532_MC_20_E_APP\SDK\middleware\Iic_if)
	iic1DevicesCfg	iic_if_cfg.h (E:\workspace\S32K\Git\GIT_D532_20E_MC\s32k\D532_MC_20_E_APP\SDK\middleware\Iic_if)
	lpi2c0_MasterCfg_Acce	lpi2c0_cfg.h (E:\workspace\S32K\Git\GIT_D532_20E_MC\s32k\D532_MC_20_E_APP\Generated_Code)
	lpi2c0_MasterCfg_Adau	lpi2c0_cfg.h (E:\workspace\S32K\Git\GIT_D532_20E_MC\s32k\D532_MC_20_E_APP\Generated_Code)
	lpi2c0_MasterCfg_Amp	lpi2c0_cfg.h (E:\workspace\S32K\Git\GIT_D532_20E_MC\s32k\D532_MC_20_E_APP\Generated_Code)
	lpi2c0_MasterCfg_Gyro	lpi2c0_cfg.h (E:\workspace\S32K\Git\GIT_D532_20E_MC\s32k\D532_MC_20_E_APP\Generated_Code)
	lpi2c0_MasterCfg_Rtc	lpi2c0_cfg.h (E:\workspace\S32K\Git\GIT_D532_20E_MC\s32k\D532_MC_20_E_APP\Generated_Code)
	lpi2c1_MasterCfg_Eep	lpi2c1_cfg.h (E:\workspace\S32K\Git\GIT_D532_20E_MC\s32k\D532_MC_20_E_APP\Generated_Code)
	NVM_BLOCK_NUM_ALL	NvM_Cfg.h (E:\workspace\S32K\Git\GIT_D532_20E_MC\s32k\D532_MC_20_E_APP\SDK\middleware\NVRAM\NvM)
	peripheralClockConfig0	clockManager_cfg.h (E:\workspace\S32K\Git\GIT_D532_20E_MC\s32k\D532_MC_20_E_APP\Generated_Code)
	peripheralClockConfig1	clockManager_cfg.h (E:\workspace\S32K\Git\GIT_D532_20E_MC\s32k\D532_MC_20_E_APP\Generated_Code)
	peripheralFeaturesList	clock_S32K1xx.h (E:\workspace\S32K\Git\GIT_D532_20E_MC\s32k\D532_MC_20_E_APP\SDK\platform\drivers\src\clock\S32K1xx)
	pI2CMasterUserConfig	iic_if_cfg.h (E:\workspace\S32K\Git\GIT_D532_20E_MC\s32k\D532_MC_20_E_APP\SDK\middleware\Iic_if)
	PMManager	Task_PowerModing.c (E:\workspace\S32K\Git\GIT_D532_20E_MC\s32k\D532_MC_20_E_APP\APP\Task_PowerModing)
	PMSignalStatus	Task_PowerModing.c (E:\workspace\S32K\Git\GIT_D532_20E_MC\s32k\D532_MC_20_E_APP\APP\Task_PowerModing)
	powerConfigsArr	pwrManager_cfg.h (E:\workspace\S32K\Git\GIT_D532_20E_MC\s32k\D532_MC_20_E_APP\Generated_Code)
	powerStaticCallbacksConfigsArr	pwrManager_cfg.h (E:\workspace\S32K\Git\GIT_D532_20E_MC\s32k\D532_MC_20_E_APP\Generated_Code)
	pwrManager_cfg_InitConfig0	pwrManager_cfg.h (E:\workspace\S32K\Git\GIT_D532_20E_MC\s32k\D532_MC_20_E_APP\Generated_Code)
	pwrManager_cfg_InitConfig1	pwrManager_cfg.h (E:\workspace\S32K\Git\GIT_D532_20E_MC\s32k\D532_MC_20_E_APP\Generated_Code)
	pwrManager_cfg_InitConfig2	pwrManager_cfg.h (E:\workspace\S32K\Git\GIT_D532_20E_MC\s32k\D532_MC_20_E_APP\Generated_Code)
	rtcStoredData	NvM_Cfg.c (E:\workspace\S32K\Git\GIT_D532_20E_MC\s32k\D532_MC_20_E_APP\SDK\middleware\NVRAM\NvM)
	rtcTimer_cfg_AlarmConfig0	rtcTimer_cfg.h (E:\workspace\S32K\Git\GIT_D532_20E_MC\s32k\D532_MC_20_E_APP\Generated_Code)
	rtcTimer_cfg_Config0	rtcTimer_cfg.h (E:\workspace\S32K\Git\GIT_D532_20E_MC\s32k\D532_MC_20_E_APP\Generated_Code)
	rtcTimer_cfg_FaultIntConfig0	rtcTimer_cfg.h (E:\workspace\S32K\Git\GIT_D532_20E_MC\s32k\D532_MC_20_E_APP\Generated_Code)
	rtcTimer_cfg_LockConfig0	rtcTimer_cfg.h (E:\workspace\S32K\Git\GIT_D532_20E_MC\s32k\D532_MC_20_E_APP\Generated_Code)
	rtcTimer_cfg_SecIntConfig0	rtcTimer_cfg.h (E:\workspace\S32K\Git\GIT_D532_20E_MC\s32k\D532_MC_20_E_APP\Generated_Code)
	rtcTimer_cfg_StartTime0	rtcTimer_cfg.h (E:\workspace\S32K\Git\GIT_D532_20E_MC\s32k\D532_MC_20_E_APP\Generated_Code)
	RVM_CammeraOnOffFlag	Task_M_IpcApp.c (E:\workspace\S32K\Git\GIT_D532_20E_MC\s32k\D532_MC_20_E_APP\APP\Task_M_IpcApp)
	RVM_CammeraOnOffFlag	pmStateMachine.c (E:\workspace\S32K\Git\GIT_D532_20E_MC\s32k\D532_MC_20_E_APP\APP\Task_PowerModing)
	sI2CMasterState	iic_if_cfg.h (E:\workspace\S32K\Git\GIT_D532_20E_MC\s32k\D532_MC_20_E_APP\SDK\middleware\Iic_if)
	sI2CMaterCurCfgNum	iic_if_cfg.h (E:\workspace\S32K\Git\GIT_D532_20E_MC\s32k\D532_MC_20_E_APP\SDK\middleware\Iic_if)
	socOnFlag	pmStateMachine_If.h (E:\workspace\S32K\Git\GIT_D532_20E_MC\s32k\D532_MC_20_E_APP\APP\Task_PowerModing)
	socOnFlag	TraceStore.c (E:\workspace\S32K\Git\GIT_D532_20E_MC\s32k\D532_MC_20_E_APP\SDK\middleware\TraceStore)
	socSerialNum	sid0x22_cbk.c (E:\workspace\S32K\Git\GIT_D532_20E_MC\s32k\D532_MC_20_E_APP\SDK\middleware\diag\uds\platform\sid0x22)
	socSerialNum	sid0x22_cfg.c (E:\workspace\S32K\Git\GIT_D532_20E_MC\s32k\D532_MC_20_E_APP\SDK\middleware\diag\uds\platform\sid0x22)
	socSerialNum	sid0x2f_cbk.c (E:\workspace\S32K\Git\GIT_D532_20E_MC\s32k\D532_MC_20_E_APP\SDK\middleware\diag\uds\platform\sid0x2f)
	socSerialNum	NvM_Cfg.c (E:\workspace\S32K\Git\GIT_D532_20E_MC\s32k\D532_MC_20_E_APP\SDK\middleware\NVRAM\NvM)
	SpiAbortTransferGroup	Spi_if.c (E:\workspace\S32K\Git\GIT_D532_20E_MC\s32k\D532_MC_20_E_APP\SDK\middleware\spiipc\platform)
	spiAck	Spi_if.c (E:\workspace\S32K\Git\GIT_D532_20E_MC\s32k\D532_MC_20_E_APP\SDK\middleware\spiipc\platform)
	SpiGetChMergeTypeGroup	Spi_if.c (E:\workspace\S32K\Git\GIT_D532_20E_MC\s32k\D532_MC_20_E_APP\SDK\middleware\spiipc\platform)
	SpiGetStatusGroup	Spi_if.c (E:\workspace\S32K\Git\GIT_D532_20E_MC\s32k\D532_MC_20_E_APP\SDK\middleware\spiipc\platform)
	SpiIpcUserCfg	SPI_CircularQueue.c (E:\workspace\S32K\Git\GIT_D532_20E_MC\s32k\D532_MC_20_E_APP\SDK\middleware\spiipc\core)
	SpiIpcUserCfg	SpiIpc_cfg.h (E:\workspace\S32K\Git\GIT_D532_20E_MC\s32k\D532_MC_20_E_APP\SDK\middleware\spiipc\include\platform)
	SpiIpcUserCfg	TaskSpi_IpcCore.c (E:\workspace\S32K\Git\GIT_D532_20E_MC\s32k\D532_MC_20_E_APP\SDK\middleware\spiipc\platform)
	SpiReadDataGroup	Spi_if.c (E:\workspace\S32K\Git\GIT_D532_20E_MC\s32k\D532_MC_20_E_APP\SDK\middleware\spiipc\platform)
	spiReq	Spi_if.c (E:\workspace\S32K\Git\GIT_D532_20E_MC\s32k\D532_MC_20_E_APP\SDK\middleware\spiipc\platform)
	SpiSendDataGroup	Spi_if.c (E:\workspace\S32K\Git\GIT_D532_20E_MC\s32k\D532_MC_20_E_APP\SDK\middleware\spiipc\platform)
	SpiTransDataGroup	Spi_if.c (E:\workspace\S32K\Git\GIT_D532_20E_MC\s32k\D532_MC_20_E_APP\SDK\middleware\spiipc\platform)
	spi_GetLastTransErrorStateGroup	Spi_if.c (E:\workspace\S32K\Git\GIT_D532_20E_MC\s32k\D532_MC_20_E_APP\SDK\middleware\spiipc\platform)
	spi_HwChannelToInstance	Spi_if.c (E:\workspace\S32K\Git\GIT_D532_20E_MC\s32k\D532_MC_20_E_APP\SDK\middleware\spiipc\platform)
	spi_initGroup	Spi_if.c (E:\workspace\S32K\Git\GIT_D532_20E_MC\s32k\D532_MC_20_E_APP\SDK\middleware\spiipc\platform)
	spi_ipc_pal_SlaveConfig0	spi_ipc_pal_cfg.h (E:\workspace\S32K\Git\GIT_D532_20E_MC\s32k\D532_MC_20_E_APP\Generated_Code)
	Spi_MComFLag	Spi_Ipc_gw_api.c (E:\workspace\S32K\Git\GIT_D532_20E_MC\s32k\D532_MC_20_E_APP\SDK\middleware\spiipc\gateway)
	Spi_MComFLag	Spi_IpcCore.h (E:\workspace\S32K\Git\GIT_D532_20E_MC\s32k\D532_MC_20_E_APP\SDK\middleware\spiipc\include\core)
	spi_M_ipc_pal_cfg_SlaveConfig0	spi_M_ipc_pal_cfg.h (E:\workspace\S32K\Git\GIT_D532_20E_MC\s32k\D532_MC_20_E_APP\Generated_Code)
	SPI_QueueSizeGroup	SPI_CircularQueue.c (E:\workspace\S32K\Git\GIT_D532_20E_MC\s32k\D532_MC_20_E_APP\SDK\middleware\spiipc\core)
	SPI_RxQueueGroup	SPI_CircularQueue.c (E:\workspace\S32K\Git\GIT_D532_20E_MC\s32k\D532_MC_20_E_APP\SDK\middleware\spiipc\core)
	SPI_RxQueueM_Group	SPI_CircularQueue.c (E:\workspace\S32K\Git\GIT_D532_20E_MC\s32k\D532_MC_20_E_APP\SDK\middleware\spiipc\core)
	spi_saf775dState	spi_saf775d.h (E:\workspace\S32K\Git\GIT_D532_20E_MC\s32k\D532_MC_20_E_APP\Generated_Code)
	spi_saf775d_MasterConfig0	spi_saf775d.h (E:\workspace\S32K\Git\GIT_D532_20E_MC\s32k\D532_MC_20_E_APP\Generated_Code)
	spi_SetLastTransErrorStateGroup	Spi_if.c (E:\workspace\S32K\Git\GIT_D532_20E_MC\s32k\D532_MC_20_E_APP\SDK\middleware\spiipc\platform)
	SPI_TxQueueGroup	SPI_CircularQueue.c (E:\workspace\S32K\Git\GIT_D532_20E_MC\s32k\D532_MC_20_E_APP\SDK\middleware\spiipc\core)
	SPI_TxQueueM_Group	SPI_CircularQueue.c (E:\workspace\S32K\Git\GIT_D532_20E_MC\s32k\D532_MC_20_E_APP\SDK\middleware\spiipc\core)
	sStdDefaultData	ExternRTC.h (E:\workspace\S32K\Git\GIT_D532_20E_MC\s32k\D532_MC_20_E_APP\SDK\middleware\ExternRTC)
	SysSettingFuncList	sys_setting.h (E:\workspace\S32K\Git\GIT_D532_20E_MC\s32k\D532_MC_20_E_APP\APP\Task_IpcApp)
	SystemCoreClock	system_S32K148.h (E:\workspace\S32K\Git\GIT_D532_20E_MC\s32k\D532_MC_20_E_APP\SDK\platform\devices\S32K148\startup)
	SystemTaskList	System_Tick.c (E:\workspace\S32K\Git\GIT_D532_20E_MC\s32k\D532_MC_20_E_APP\SDK\OSAL\System_Tick)
	Sys_Tick	Com.c (E:\workspace\S32K\Git\GIT_D532_20E_MC\s32k\D532_MC_20_E_APP\SDK\middleware\CAN\Com)
	TestID	Task_General.c (E:\workspace\S32K\Git\GIT_D532_20E_MC\s32k\D532_MC_20_E_APP\APP\Task_General)
	tpRxBuffer	tp.c (E:\workspace\S32K\Git\GIT_D532_20E_MC\s32k\D532_MC_20_E_APP\SDK\middleware\isotp)
	tpSQueue	tp.c (E:\workspace\S32K\Git\GIT_D532_20E_MC\s32k\D532_MC_20_E_APP\SDK\middleware\isotp)
	tpTxBuffer	tp.c (E:\workspace\S32K\Git\GIT_D532_20E_MC\s32k\D532_MC_20_E_APP\SDK\middleware\isotp)
	uart0_pal_cfg_Config0	uart0_pal_cfg.h (E:\workspace\S32K\Git\GIT_D532_20E_MC\s32k\D532_MC_20_E_APP\Generated_Code)
	uart_acpanel_cfg_Config0	uart_acpanel_cfg.h (E:\workspace\S32K\Git\GIT_D532_20E_MC\s32k\D532_MC_20_E_APP\Generated_Code)
	uart_debug_pal_config	uart_debug_pal.h (E:\workspace\S32K\Git\GIT_D532_20E_MC\s32k\D532_MC_20_E_APP\Generated_Code)
	uart_gps_cfg_Config0	uart_gps_cfg.h (E:\workspace\S32K\Git\GIT_D532_20E_MC\s32k\D532_MC_20_E_APP\Generated_Code)
	uart_ipc_pal_config	uart_ipc_pal.h (E:\workspace\S32K\Git\GIT_D532_20E_MC\s32k\D532_MC_20_E_APP\Generated_Code)
	ulIdleCycleCount	Task_DiagApp.c (E:\workspace\S32K\Git\GIT_D532_20E_MC\s32k\D532_MC_20_E_APP\APP\Task_DiagApp)
	__VECTOR_RAM	interrupt_manager.c (E:\workspace\S32K\Git\GIT_D532_20E_MC\s32k\D532_MC_20_E_APP\SDK\platform\drivers\src\interrupt)
	wdog_pal_cfg_Config0	wdog_pal_cfg.h (E:\workspace\S32K\Git\GIT_D532_20E_MC\s32k\D532_MC_20_E_APP\Generated_Code)
	xSemaphore	iic_if_cfg.h (E:\workspace\S32K\Git\GIT_D532_20E_MC\s32k\D532_MC_20_E_APP\SDK\middleware\Iic_if)